Archive member included to satisfy reference by file (symbol)

c:/st/stm32cubeide_1.5.0/stm32cubeide/plugins/com.st.stm32cube.ide.mcu.externaltools.gnu-tools-for-stm32.7-2018-q2-update.win32_1.5.0.202011040924/tools/bin/../lib/gcc/arm-none-eabi/7.3.1/../../../../arm-none-eabi/lib/thumb/v7e-m/fpv4-sp/hard\libc_nano.a(lib_a-errno.o)
                              Core/Src/syscalls.o (__errno)
c:/st/stm32cubeide_1.5.0/stm32cubeide/plugins/com.st.stm32cube.ide.mcu.externaltools.gnu-tools-for-stm32.7-2018-q2-update.win32_1.5.0.202011040924/tools/bin/../lib/gcc/arm-none-eabi/7.3.1/../../../../arm-none-eabi/lib/thumb/v7e-m/fpv4-sp/hard\libc_nano.a(lib_a-exit.o)
                              c:/st/stm32cubeide_1.5.0/stm32cubeide/plugins/com.st.stm32cube.ide.mcu.externaltools.gnu-tools-for-stm32.7-2018-q2-update.win32_1.5.0.202011040924/tools/bin/../lib/gcc/arm-none-eabi/7.3.1/../../../../arm-none-eabi/lib/thumb/v7e-m/fpv4-sp/hard/crt0.o (exit)
c:/st/stm32cubeide_1.5.0/stm32cubeide/plugins/com.st.stm32cube.ide.mcu.externaltools.gnu-tools-for-stm32.7-2018-q2-update.win32_1.5.0.202011040924/tools/bin/../lib/gcc/arm-none-eabi/7.3.1/../../../../arm-none-eabi/lib/thumb/v7e-m/fpv4-sp/hard\libc_nano.a(lib_a-impure.o)
                              c:/st/stm32cubeide_1.5.0/stm32cubeide/plugins/com.st.stm32cube.ide.mcu.externaltools.gnu-tools-for-stm32.7-2018-q2-update.win32_1.5.0.202011040924/tools/bin/../lib/gcc/arm-none-eabi/7.3.1/../../../../arm-none-eabi/lib/thumb/v7e-m/fpv4-sp/hard\libc_nano.a(lib_a-exit.o) (_global_impure_ptr)
c:/st/stm32cubeide_1.5.0/stm32cubeide/plugins/com.st.stm32cube.ide.mcu.externaltools.gnu-tools-for-stm32.7-2018-q2-update.win32_1.5.0.202011040924/tools/bin/../lib/gcc/arm-none-eabi/7.3.1/../../../../arm-none-eabi/lib/thumb/v7e-m/fpv4-sp/hard\libc_nano.a(lib_a-init.o)
                              c:/st/stm32cubeide_1.5.0/stm32cubeide/plugins/com.st.stm32cube.ide.mcu.externaltools.gnu-tools-for-stm32.7-2018-q2-update.win32_1.5.0.202011040924/tools/bin/../lib/gcc/arm-none-eabi/7.3.1/../../../../arm-none-eabi/lib/thumb/v7e-m/fpv4-sp/hard/crt0.o (__libc_init_array)
c:/st/stm32cubeide_1.5.0/stm32cubeide/plugins/com.st.stm32cube.ide.mcu.externaltools.gnu-tools-for-stm32.7-2018-q2-update.win32_1.5.0.202011040924/tools/bin/../lib/gcc/arm-none-eabi/7.3.1/../../../../arm-none-eabi/lib/thumb/v7e-m/fpv4-sp/hard\libc_nano.a(lib_a-memset.o)
                              c:/st/stm32cubeide_1.5.0/stm32cubeide/plugins/com.st.stm32cube.ide.mcu.externaltools.gnu-tools-for-stm32.7-2018-q2-update.win32_1.5.0.202011040924/tools/bin/../lib/gcc/arm-none-eabi/7.3.1/../../../../arm-none-eabi/lib/thumb/v7e-m/fpv4-sp/hard/crt0.o (memset)
c:/st/stm32cubeide_1.5.0/stm32cubeide/plugins/com.st.stm32cube.ide.mcu.externaltools.gnu-tools-for-stm32.7-2018-q2-update.win32_1.5.0.202011040924/tools/bin/../lib/gcc/arm-none-eabi/7.3.1/thumb/v7e-m/fpv4-sp/hard\libgcc.a(_aeabi_uldivmod.o)
                              Drivers/STM32G4xx_HAL_Driver/Src/stm32g4xx_hal_uart.o (__aeabi_uldivmod)
c:/st/stm32cubeide_1.5.0/stm32cubeide/plugins/com.st.stm32cube.ide.mcu.externaltools.gnu-tools-for-stm32.7-2018-q2-update.win32_1.5.0.202011040924/tools/bin/../lib/gcc/arm-none-eabi/7.3.1/thumb/v7e-m/fpv4-sp/hard\libgcc.a(_udivmoddi4.o)
                              c:/st/stm32cubeide_1.5.0/stm32cubeide/plugins/com.st.stm32cube.ide.mcu.externaltools.gnu-tools-for-stm32.7-2018-q2-update.win32_1.5.0.202011040924/tools/bin/../lib/gcc/arm-none-eabi/7.3.1/thumb/v7e-m/fpv4-sp/hard\libgcc.a(_aeabi_uldivmod.o) (__udivmoddi4)
c:/st/stm32cubeide_1.5.0/stm32cubeide/plugins/com.st.stm32cube.ide.mcu.externaltools.gnu-tools-for-stm32.7-2018-q2-update.win32_1.5.0.202011040924/tools/bin/../lib/gcc/arm-none-eabi/7.3.1/thumb/v7e-m/fpv4-sp/hard\libgcc.a(_dvmd_tls.o)
                              c:/st/stm32cubeide_1.5.0/stm32cubeide/plugins/com.st.stm32cube.ide.mcu.externaltools.gnu-tools-for-stm32.7-2018-q2-update.win32_1.5.0.202011040924/tools/bin/../lib/gcc/arm-none-eabi/7.3.1/thumb/v7e-m/fpv4-sp/hard\libgcc.a(_aeabi_uldivmod.o) (__aeabi_ldiv0)

Allocating common symbols
Common symbol       size              file

uwTick              0x4               Drivers/STM32G4xx_HAL_Driver/Src/stm32g4xx_hal.o
hlpuart1            0x8c              Core/Src/main.o

Discarded input sections

 .text          0x0000000000000000        0x0 c:/st/stm32cubeide_1.5.0/stm32cubeide/plugins/com.st.stm32cube.ide.mcu.externaltools.gnu-tools-for-stm32.7-2018-q2-update.win32_1.5.0.202011040924/tools/bin/../lib/gcc/arm-none-eabi/7.3.1/thumb/v7e-m/fpv4-sp/hard/crti.o
 .data          0x0000000000000000        0x0 c:/st/stm32cubeide_1.5.0/stm32cubeide/plugins/com.st.stm32cube.ide.mcu.externaltools.gnu-tools-for-stm32.7-2018-q2-update.win32_1.5.0.202011040924/tools/bin/../lib/gcc/arm-none-eabi/7.3.1/thumb/v7e-m/fpv4-sp/hard/crti.o
[...]
Memory Configuration

Name             Origin             Length             Attributes
RAM              0x0000000020000000 0x0000000000020000 xrw
FLASH            0x0000000008000000 0x0000000000080000 xr
*default*        0x0000000000000000 0xffffffffffffffff

Linker script and memory map

LOAD c:/st/stm32cubeide_1.5.0/stm32cubeide/plugins/com.st.stm32cube.ide.mcu.externaltools.gnu-tools-for-stm32.7-2018-q2-update.win32_1.5.0.202011040924/tools/bin/../lib/gcc/arm-none-eabi/7.3.1/thumb/v7e-m/fpv4-sp/hard/crti.o
LOAD c:/st/stm32cubeide_1.5.0/stm32cubeide/plugins/com.st.stm32cube.ide.mcu.externaltools.gnu-tools-for-stm32.7-2018-q2-update.win32_1.5.0.202011040924/tools/bin/../lib/gcc/arm-none-eabi/7.3.1/thumb/v7e-m/fpv4-sp/hard/crtbegin.o
LOAD c:/st/stm32cubeide_1.5.0/stm32cubeide/plugins/com.st.stm32cube.ide.mcu.externaltools.gnu-tools-for-stm32.7-2018-q2-update.win32_1.5.0.202011040924/tools/bin/../lib/gcc/arm-none-eabi/7.3.1/../../../../arm-none-eabi/lib/thumb/v7e-m/fpv4-sp/hard/crt0.o
LOAD Core/Src/main.o
LOAD Core/Src/stm32g4xx_hal_msp.o
LOAD Core/Src/stm32g4xx_it.o
LOAD Core/Src/syscalls.o
LOAD Core/Src/sysmem.o
LOAD Core/Src/system_stm32g4xx.o
LOAD Core/Startup/startup_stm32g474retx.o
LOAD DSX_Library/Blink/Src/Blink.o
LOAD Drivers/STM32G4xx_HAL_Driver/Src/stm32g4xx_hal.o
LOAD Drivers/STM32G4xx_HAL_Driver/Src/stm32g4xx_hal_cortex.o
LOAD Drivers/STM32G4xx_HAL_Driver/Src/stm32g4xx_hal_dma.o
LOAD Drivers/STM32G4xx_HAL_Driver/Src/stm32g4xx_hal_dma_ex.o
LOAD Drivers/STM32G4xx_HAL_Driver/Src/stm32g4xx_hal_exti.o
LOAD Drivers/STM32G4xx_HAL_Driver/Src/stm32g4xx_hal_flash.o
LOAD Drivers/STM32G4xx_HAL_Driver/Src/stm32g4xx_hal_flash_ex.o
LOAD Drivers/STM32G4xx_HAL_Driver/Src/stm32g4xx_hal_flash_ramfunc.o
LOAD Drivers/STM32G4xx_HAL_Driver/Src/stm32g4xx_hal_gpio.o
LOAD Drivers/STM32G4xx_HAL_Driver/Src/stm32g4xx_hal_pwr.o
LOAD Drivers/STM32G4xx_HAL_Driver/Src/stm32g4xx_hal_pwr_ex.o
LOAD Drivers/STM32G4xx_HAL_Driver/Src/stm32g4xx_hal_rcc.o
LOAD Drivers/STM32G4xx_HAL_Driver/Src/stm32g4xx_hal_rcc_ex.o
LOAD Drivers/STM32G4xx_HAL_Driver/Src/stm32g4xx_hal_tim.o
LOAD Drivers/STM32G4xx_HAL_Driver/Src/stm32g4xx_hal_tim_ex.o
LOAD Drivers/STM32G4xx_HAL_Driver/Src/stm32g4xx_hal_uart.o
LOAD Drivers/STM32G4xx_HAL_Driver/Src/stm32g4xx_hal_uart_ex.o
START GROUP
LOAD c:/st/stm32cubeide_1.5.0/stm32cubeide/plugins/com.st.stm32cube.ide.mcu.externaltools.gnu-tools-for-stm32.7-2018-q2-update.win32_1.5.0.202011040924/tools/bin/../lib/gcc/arm-none-eabi/7.3.1/../../../../arm-none-eabi/lib/thumb/v7e-m/fpv4-sp/hard\libc_nano.a
LOAD c:/st/stm32cubeide_1.5.0/stm32cubeide/plugins/com.st.stm32cube.ide.mcu.externaltools.gnu-tools-for-stm32.7-2018-q2-update.win32_1.5.0.202011040924/tools/bin/../lib/gcc/arm-none-eabi/7.3.1/../../../../arm-none-eabi/lib/thumb/v7e-m/fpv4-sp/hard\libm.a
END GROUP
START GROUP
LOAD c:/st/stm32cubeide_1.5.0/stm32cubeide/plugins/com.st.stm32cube.ide.mcu.externaltools.gnu-tools-for-stm32.7-2018-q2-update.win32_1.5.0.202011040924/tools/bin/../lib/gcc/arm-none-eabi/7.3.1/thumb/v7e-m/fpv4-sp/hard\libgcc.a
LOAD c:/st/stm32cubeide_1.5.0/stm32cubeide/plugins/com.st.stm32cube.ide.mcu.externaltools.gnu-tools-for-stm32.7-2018-q2-update.win32_1.5.0.202011040924/tools/bin/../lib/gcc/arm-none-eabi/7.3.1/../../../../arm-none-eabi/lib/thumb/v7e-m/fpv4-sp/hard\libc_nano.a
END GROUP
START GROUP
LOAD c:/st/stm32cubeide_1.5.0/stm32cubeide/plugins/com.st.stm32cube.ide.mcu.externaltools.gnu-tools-for-stm32.7-2018-q2-update.win32_1.5.0.202011040924/tools/bin/../lib/gcc/arm-none-eabi/7.3.1/thumb/v7e-m/fpv4-sp/hard\libgcc.a
LOAD c:/st/stm32cubeide_1.5.0/stm32cubeide/plugins/com.st.stm32cube.ide.mcu.externaltools.gnu-tools-for-stm32.7-2018-q2-update.win32_1.5.0.202011040924/tools/bin/../lib/gcc/arm-none-eabi/7.3.1/../../../../arm-none-eabi/lib/thumb/v7e-m/fpv4-sp/hard\libc_nano.a
LOAD c:/st/stm32cubeide_1.5.0/stm32cubeide/plugins/com.st.stm32cube.ide.mcu.externaltools.gnu-tools-for-stm32.7-2018-q2-update.win32_1.5.0.202011040924/tools/bin/../lib/gcc/arm-none-eabi/7.3.1/../../../../arm-none-eabi/lib/thumb/v7e-m/fpv4-sp/hard\libnosys.a
END GROUP
START GROUP
LOAD c:/st/stm32cubeide_1.5.0/stm32cubeide/plugins/com.st.stm32cube.ide.mcu.externaltools.gnu-tools-for-stm32.7-2018-q2-update.win32_1.5.0.202011040924/tools/bin/../lib/gcc/arm-none-eabi/7.3.1/thumb/v7e-m/fpv4-sp/hard\libgcc.a
LOAD c:/st/stm32cubeide_1.5.0/stm32cubeide/plugins/com.st.stm32cube.ide.mcu.externaltools.gnu-tools-for-stm32.7-2018-q2-update.win32_1.5.0.202011040924/tools/bin/../lib/gcc/arm-none-eabi/7.3.1/../../../../arm-none-eabi/lib/thumb/v7e-m/fpv4-sp/hard\libc_nano.a
LOAD c:/st/stm32cubeide_1.5.0/stm32cubeide/plugins/com.st.stm32cube.ide.mcu.externaltools.gnu-tools-for-stm32.7-2018-q2-update.win32_1.5.0.202011040924/tools/bin/../lib/gcc/arm-none-eabi/7.3.1/../../../../arm-none-eabi/lib/thumb/v7e-m/fpv4-sp/hard\libnosys.a
END GROUP
LOAD c:/st/stm32cubeide_1.5.0/stm32cubeide/plugins/com.st.stm32cube.ide.mcu.externaltools.gnu-tools-for-stm32.7-2018-q2-update.win32_1.5.0.202011040924/tools/bin/../lib/gcc/arm-none-eabi/7.3.1/thumb/v7e-m/fpv4-sp/hard/crtend.o
LOAD c:/st/stm32cubeide_1.5.0/stm32cubeide/plugins/com.st.stm32cube.ide.mcu.externaltools.gnu-tools-for-stm32.7-2018-q2-update.win32_1.5.0.202011040924/tools/bin/../lib/gcc/arm-none-eabi/7.3.1/thumb/v7e-m/fpv4-sp/hard/crtn.o
                0x0000000020020000                _estack = (ORIGIN (RAM) + LENGTH (RAM))
                0x0000000000000200                _Min_Heap_Size = 0x200
                0x0000000000000400                _Min_Stack_Size = 0x400

.isr_vector     0x0000000008000000      0x1d8
                0x0000000008000000                . = ALIGN (0x4)
 *(.isr_vector)
 .isr_vector    0x0000000008000000      0x1d8 Core/Startup/startup_stm32g474retx.o
                0x0000000008000000                g_pfnVectors
                0x00000000080001d8                . = ALIGN (0x4)

.text           0x00000000080001d8     0x2a98
                0x00000000080001d8                . = ALIGN (0x4)
 *(.text)
 .text          0x00000000080001d8       0x40 c:/st/stm32cubeide_1.5.0/stm32cubeide/plugins/com.st.stm32cube.ide.mcu.externaltools.gnu-tools-for-stm32.7-2018-q2-update.win32_1.5.0.202011040924/tools/bin/../lib/gcc/arm-none-eabi/7.3.1/thumb/v7e-m/fpv4-sp/hard/crtbegin.o
 .text          0x0000000008000218       0x30 c:/st/stm32cubeide_1.5.0/stm32cubeide/plugins/com.st.stm32cube.ide.mcu.externaltools.gnu-tools-for-stm32.7-2018-q2-update.win32_1.5.0.202011040924/tools/bin/../lib/gcc/arm-none-eabi/7.3.1/thumb/v7e-m/fpv4-sp/hard\libgcc.a(_aeabi_uldivmod.o)
                0x0000000008000218                __aeabi_uldivmod
 .text          0x0000000008000248      0x2cc c:/st/stm32cubeide_1.5.0/stm32cubeide/plugins/com.st.stm32cube.ide.mcu.externaltools.gnu-tools-for-stm32.7-2018-q2-update.win32_1.5.0.202011040924/tools/bin/../lib/gcc/arm-none-eabi/7.3.1/thumb/v7e-m/fpv4-sp/hard\libgcc.a(_udivmoddi4.o)
                0x0000000008000248                __udivmoddi4
 .text          0x0000000008000514        0x4 c:/st/stm32cubeide_1.5.0/stm32cubeide/plugins/com.st.stm32cube.ide.mcu.externaltools.gnu-tools-for-stm32.7-2018-q2-update.win32_1.5.0.202011040924/tools/bin/../lib/gcc/arm-none-eabi/7.3.1/thumb/v7e-m/fpv4-sp/hard\libgcc.a(_dvmd_tls.o)
                0x0000000008000514                __aeabi_idiv0
                0x0000000008000514                __aeabi_ldiv0
 *(.text*)
 .text.main     0x0000000008000518       0x1e Core/Src/main.o
                0x0000000008000518                main
 .text.SystemClock_Config
                0x0000000008000536       0xce Core/Src/main.o
                0x0000000008000536                SystemClock_Config
 .text.MX_LPUART1_UART_Init
                0x0000000008000604       0x94 Core/Src/main.o
 .text.MX_GPIO_Init
                0x0000000008000698       0xe0 Core/Src/main.o
 .text.Error_Handler
                0x0000000008000778        0x8 Core/Src/main.o
                0x0000000008000778                Error_Handler
 .text.HAL_MspInit
                0x0000000008000780       0x48 Core/Src/stm32g4xx_hal_msp.o
                0x0000000008000780                HAL_MspInit
 .text.HAL_UART_MspInit
                0x00000000080007c8       0x84 Core/Src/stm32g4xx_hal_msp.o
                0x00000000080007c8                HAL_UART_MspInit
 .text.NMI_Handler
                0x000000000800084c        0x6 Core/Src/stm32g4xx_it.o
                0x000000000800084c                NMI_Handler
 .text.HardFault_Handler
                0x0000000008000852        0x6 Core/Src/stm32g4xx_it.o
                0x0000000008000852                HardFault_Handler
 .text.MemManage_Handler
                0x0000000008000858        0x6 Core/Src/stm32g4xx_it.o
                0x0000000008000858                MemManage_Handler
 .text.BusFault_Handler
                0x000000000800085e        0x6 Core/Src/stm32g4xx_it.o
                0x000000000800085e                BusFault_Handler
 .text.UsageFault_Handler
                0x0000000008000864        0x6 Core/Src/stm32g4xx_it.o
                0x0000000008000864                UsageFault_Handler
 .text.SVC_Handler
                0x000000000800086a        0xe Core/Src/stm32g4xx_it.o
                0x000000000800086a                SVC_Handler
 .text.DebugMon_Handler
                0x0000000008000878        0xe Core/Src/stm32g4xx_it.o
                0x0000000008000878                DebugMon_Handler
 .text.PendSV_Handler
                0x0000000008000886        0xe Core/Src/stm32g4xx_it.o
                0x0000000008000886                PendSV_Handler
 .text.SysTick_Handler
                0x0000000008000894        0xc Core/Src/stm32g4xx_it.o
                0x0000000008000894                SysTick_Handler
 .text.EXTI15_10_IRQHandler
                0x00000000080008a0       0x10 Core/Src/stm32g4xx_it.o
                0x00000000080008a0                EXTI15_10_IRQHandler
 .text.SystemInit
                0x00000000080008b0       0x2c Core/Src/system_stm32g4xx.o
                0x00000000080008b0                SystemInit
 .text.Reset_Handler
                0x00000000080008dc       0x50 Core/Startup/startup_stm32g474retx.o
                0x00000000080008dc                Reset_Handler
 .text.Default_Handler
                0x000000000800092c        0x2 Core/Startup/startup_stm32g474retx.o
                0x000000000800092c                RTC_Alarm_IRQHandler
                0x000000000800092c                EXTI2_IRQHandler
                0x000000000800092c                TIM8_TRG_COM_IRQHandler
                0x000000000800092c                TIM8_CC_IRQHandler
                0x000000000800092c                HRTIM1_Master_IRQHandler
                0x000000000800092c                SPI4_IRQHandler
                0x000000000800092c                FDCAN3_IT0_IRQHandler
                0x000000000800092c                TIM1_CC_IRQHandler
                0x000000000800092c                HRTIM1_FLT_IRQHandler
                0x000000000800092c                HRTIM1_TIMF_IRQHandler
                0x000000000800092c                USB_HP_IRQHandler
                0x000000000800092c                CORDIC_IRQHandler
                0x000000000800092c                HRTIM1_TIMD_IRQHandler
                0x000000000800092c                DMA2_Channel8_IRQHandler
                0x000000000800092c                EXTI3_IRQHandler
                0x000000000800092c                I2C3_ER_IRQHandler
                0x000000000800092c                EXTI0_IRQHandler
                0x000000000800092c                I2C2_EV_IRQHandler
                0x000000000800092c                FPU_IRQHandler
                0x000000000800092c                FDCAN1_IT1_IRQHandler
                0x000000000800092c                TIM1_UP_TIM16_IRQHandler
                0x000000000800092c                ADC1_2_IRQHandler
                0x000000000800092c                HRTIM1_TIME_IRQHandler
                0x000000000800092c                SPI1_IRQHandler
                0x000000000800092c                TIM6_DAC_IRQHandler
                0x000000000800092c                HRTIM1_TIMC_IRQHandler
                0x000000000800092c                TIM8_UP_IRQHandler
                0x000000000800092c                DMA2_Channel2_IRQHandler
                0x000000000800092c                DMA1_Channel4_IRQHandler
                0x000000000800092c                TIM20_TRG_COM_IRQHandler
                0x000000000800092c                USART3_IRQHandler
                0x000000000800092c                DMA1_Channel7_IRQHandler
                0x000000000800092c                UART5_IRQHandler
                0x000000000800092c                ADC3_IRQHandler
                0x000000000800092c                TIM4_IRQHandler
                0x000000000800092c                DMA2_Channel1_IRQHandler
                0x000000000800092c                QUADSPI_IRQHandler
                0x000000000800092c                I2C1_EV_IRQHandler
                0x000000000800092c                DMA1_Channel6_IRQHandler
                0x000000000800092c                UART4_IRQHandler
                0x000000000800092c                DMA2_Channel4_IRQHandler
                0x000000000800092c                TIM3_IRQHandler
                0x000000000800092c                RCC_IRQHandler
                0x000000000800092c                TIM20_UP_IRQHandler
                0x000000000800092c                DMA1_Channel1_IRQHandler
                0x000000000800092c                Default_Handler
                0x000000000800092c                DMA2_Channel7_IRQHandler
                0x000000000800092c                RTC_TAMP_LSECSS_IRQHandler
                0x000000000800092c                FMAC_IRQHandler
                0x000000000800092c                DMA1_Channel8_IRQHandler
                0x000000000800092c                HRTIM1_TIMA_IRQHandler
                0x000000000800092c                TIM7_DAC_IRQHandler
                0x000000000800092c                FDCAN3_IT1_IRQHandler
                0x000000000800092c                TIM5_IRQHandler
                0x000000000800092c                UCPD1_IRQHandler
                0x000000000800092c                I2C3_EV_IRQHandler
                0x000000000800092c                EXTI9_5_IRQHandler
                0x000000000800092c                RTC_WKUP_IRQHandler
                0x000000000800092c                PVD_PVM_IRQHandler
                0x000000000800092c                SPI2_IRQHandler
                0x000000000800092c                ADC5_IRQHandler
                0x000000000800092c                DMA2_Channel5_IRQHandler
                0x000000000800092c                CRS_IRQHandler
                0x000000000800092c                DMA1_Channel5_IRQHandler
                0x000000000800092c                USB_LP_IRQHandler
                0x000000000800092c                EXTI4_IRQHandler
                0x000000000800092c                RNG_IRQHandler
                0x000000000800092c                HRTIM1_TIMB_IRQHandler
                0x000000000800092c                TIM1_TRG_COM_TIM17_IRQHandler
                0x000000000800092c                FDCAN2_IT1_IRQHandler
                0x000000000800092c                DMA1_Channel3_IRQHandler
                0x000000000800092c                ADC4_IRQHandler
                0x000000000800092c                WWDG_IRQHandler
                0x000000000800092c                I2C4_EV_IRQHandler
                0x000000000800092c                FDCAN2_IT0_IRQHandler
                0x000000000800092c                LPUART1_IRQHandler
                0x000000000800092c                DMA2_Channel6_IRQHandler
                0x000000000800092c                FDCAN1_IT0_IRQHandler
                0x000000000800092c                TIM2_IRQHandler
                0x000000000800092c                COMP7_IRQHandler
                0x000000000800092c                COMP1_2_3_IRQHandler
                0x000000000800092c                EXTI1_IRQHandler
                0x000000000800092c                USART2_IRQHandler
                0x000000000800092c                COMP4_5_6_IRQHandler
                0x000000000800092c                TIM20_BRK_IRQHandler
                0x000000000800092c                I2C2_ER_IRQHandler
                0x000000000800092c                DMA1_Channel2_IRQHandler
                0x000000000800092c                TIM8_BRK_IRQHandler
                0x000000000800092c                FLASH_IRQHandler
                0x000000000800092c                TIM20_CC_IRQHandler
                0x000000000800092c                USART1_IRQHandler
                0x000000000800092c                SPI3_IRQHandler
                0x000000000800092c                I2C1_ER_IRQHandler
                0x000000000800092c                FMC_IRQHandler
                0x000000000800092c                LPTIM1_IRQHandler
                0x000000000800092c                DMAMUX_OVR_IRQHandler
                0x000000000800092c                I2C4_ER_IRQHandler
                0x000000000800092c                USBWakeUp_IRQHandler
                0x000000000800092c                SAI1_IRQHandler
                0x000000000800092c                DMA2_Channel3_IRQHandler
                0x000000000800092c                TIM1_BRK_TIM15_IRQHandler
 .text.blinkLED
                0x000000000800092e       0x20 DSX_Library/Blink/Src/Blink.o
                0x000000000800092e                blinkLED
 .text.HAL_Init
                0x000000000800094e       0x30 Drivers/STM32G4xx_HAL_Driver/Src/stm32g4xx_hal.o
                0x000000000800094e                HAL_Init
 *fill*         0x000000000800097e        0x2 
 .text.HAL_InitTick
                0x0000000008000980       0x74 Drivers/STM32G4xx_HAL_Driver/Src/stm32g4xx_hal.o
                0x0000000008000980                HAL_InitTick
 .text.HAL_IncTick
                0x00000000080009f4       0x24 Drivers/STM32G4xx_HAL_Driver/Src/stm32g4xx_hal.o
                0x00000000080009f4                HAL_IncTick
 .text.HAL_GetTick
                0x0000000008000a18       0x18 Drivers/STM32G4xx_HAL_Driver/Src/stm32g4xx_hal.o
                0x0000000008000a18                HAL_GetTick
 .text.HAL_Delay
                0x0000000008000a30       0x44 Drivers/STM32G4xx_HAL_Driver/Src/stm32g4xx_hal.o
                0x0000000008000a30                HAL_Delay
 .text.__NVIC_SetPriorityGrouping
                0x0000000008000a74       0x48 Drivers/STM32G4xx_HAL_Driver/Src/stm32g4xx_hal_cortex.o
 .text.__NVIC_GetPriorityGrouping
                0x0000000008000abc       0x1c Drivers/STM32G4xx_HAL_Driver/Src/stm32g4xx_hal_cortex.o
 .text.__NVIC_EnableIRQ
                0x0000000008000ad8       0x3c Drivers/STM32G4xx_HAL_Driver/Src/stm32g4xx_hal_cortex.o
 .text.__NVIC_SetPriority
                0x0000000008000b14       0x54 Drivers/STM32G4xx_HAL_Driver/Src/stm32g4xx_hal_cortex.o
 .text.NVIC_EncodePriority
                0x0000000008000b68       0x66 Drivers/STM32G4xx_HAL_Driver/Src/stm32g4xx_hal_cortex.o
 *fill*         0x0000000008000bce        0x2 
 .text.SysTick_Config
                0x0000000008000bd0       0x44 Drivers/STM32G4xx_HAL_Driver/Src/stm32g4xx_hal_cortex.o
 .text.HAL_NVIC_SetPriorityGrouping
                0x0000000008000c14       0x16 Drivers/STM32G4xx_HAL_Driver/Src/stm32g4xx_hal_cortex.o
                0x0000000008000c14                HAL_NVIC_SetPriorityGrouping
 .text.HAL_NVIC_SetPriority
                0x0000000008000c2a       0x34 Drivers/STM32G4xx_HAL_Driver/Src/stm32g4xx_hal_cortex.o
                0x0000000008000c2a                HAL_NVIC_SetPriority
 .text.HAL_NVIC_EnableIRQ
                0x0000000008000c5e       0x1c Drivers/STM32G4xx_HAL_Driver/Src/stm32g4xx_hal_cortex.o
                0x0000000008000c5e                HAL_NVIC_EnableIRQ
 .text.HAL_SYSTICK_Config
                0x0000000008000c7a       0x18 Drivers/STM32G4xx_HAL_Driver/Src/stm32g4xx_hal_cortex.o
                0x0000000008000c7a                HAL_SYSTICK_Config
 *fill*         0x0000000008000c92        0x2 
 .text.HAL_GPIO_Init
                0x0000000008000c94      0x304 Drivers/STM32G4xx_HAL_Driver/Src/stm32g4xx_hal_gpio.o
                0x0000000008000c94                HAL_GPIO_Init
 .text.HAL_GPIO_WritePin
                0x0000000008000f98       0x30 Drivers/STM32G4xx_HAL_Driver/Src/stm32g4xx_hal_gpio.o
                0x0000000008000f98                HAL_GPIO_WritePin
 .text.HAL_GPIO_TogglePin
                0x0000000008000fc8       0x34 Drivers/STM32G4xx_HAL_Driver/Src/stm32g4xx_hal_gpio.o
                0x0000000008000fc8                HAL_GPIO_TogglePin
 .text.HAL_GPIO_EXTI_IRQHandler
                0x0000000008000ffc       0x30 Drivers/STM32G4xx_HAL_Driver/Src/stm32g4xx_hal_gpio.o
                0x0000000008000ffc                HAL_GPIO_EXTI_IRQHandler
 .text.HAL_GPIO_EXTI_Callback
                0x000000000800102c       0x16 Drivers/STM32G4xx_HAL_Driver/Src/stm32g4xx_hal_gpio.o
                0x000000000800102c                HAL_GPIO_EXTI_Callback
 *fill*         0x0000000008001042        0x2 
 .text.HAL_PWREx_ControlVoltageScaling
                0x0000000008001044      0x148 Drivers/STM32G4xx_HAL_Driver/Src/stm32g4xx_hal_pwr_ex.o
                0x0000000008001044                HAL_PWREx_ControlVoltageScaling
 .text.HAL_PWREx_DisableUCPDDeadBattery
                0x000000000800118c       0x20 Drivers/STM32G4xx_HAL_Driver/Src/stm32g4xx_hal_pwr_ex.o
                0x000000000800118c                HAL_PWREx_DisableUCPDDeadBattery
 .text.HAL_RCC_OscConfig
                0x00000000080011ac      0x630 Drivers/STM32G4xx_HAL_Driver/Src/stm32g4xx_hal_rcc.o
                0x00000000080011ac                HAL_RCC_OscConfig
 .text.HAL_RCC_ClockConfig
                0x00000000080017dc      0x278 Drivers/STM32G4xx_HAL_Driver/Src/stm32g4xx_hal_rcc.o
                0x00000000080017dc                HAL_RCC_ClockConfig
 .text.HAL_RCC_GetSysClockFreq
                0x0000000008001a54       0xc4 Drivers/STM32G4xx_HAL_Driver/Src/stm32g4xx_hal_rcc.o
                0x0000000008001a54                HAL_RCC_GetSysClockFreq
 .text.HAL_RCC_GetHCLKFreq
                0x0000000008001b18       0x18 Drivers/STM32G4xx_HAL_Driver/Src/stm32g4xx_hal_rcc.o
                0x0000000008001b18                HAL_RCC_GetHCLKFreq
 .text.HAL_RCC_GetPCLK1Freq
                0x0000000008001b30       0x2c Drivers/STM32G4xx_HAL_Driver/Src/stm32g4xx_hal_rcc.o
                0x0000000008001b30                HAL_RCC_GetPCLK1Freq
 .text.HAL_RCC_GetPCLK2Freq
                0x0000000008001b5c       0x2c Drivers/STM32G4xx_HAL_Driver/Src/stm32g4xx_hal_rcc.o
                0x0000000008001b5c                HAL_RCC_GetPCLK2Freq
 .text.RCC_GetSysClockFreqFromPLLSource
                0x0000000008001b88       0x8c Drivers/STM32G4xx_HAL_Driver/Src/stm32g4xx_hal_rcc.o
 .text.HAL_RCCEx_PeriphCLKConfig
                0x0000000008001c14      0x498 Drivers/STM32G4xx_HAL_Driver/Src/stm32g4xx_hal_rcc_ex.o
                0x0000000008001c14                HAL_RCCEx_PeriphCLKConfig
 .text.HAL_UART_Init
                0x00000000080020ac       0xa0 Drivers/STM32G4xx_HAL_Driver/Src/stm32g4xx_hal_uart.o
                0x00000000080020ac                HAL_UART_Init
 .text.UART_SetConfig
                0x000000000800214c      0x5a4 Drivers/STM32G4xx_HAL_Driver/Src/stm32g4xx_hal_uart.o
                0x000000000800214c                UART_SetConfig
 .text.UART_AdvFeatureConfig
                0x00000000080026f0      0x144 Drivers/STM32G4xx_HAL_Driver/Src/stm32g4xx_hal_uart.o
                0x00000000080026f0                UART_AdvFeatureConfig
 .text.UART_CheckIdleState
                0x0000000008002834       0x90 Drivers/STM32G4xx_HAL_Driver/Src/stm32g4xx_hal_uart.o
                0x0000000008002834                UART_CheckIdleState
 .text.UART_WaitOnFlagUntilTimeout
                0x00000000080028c4      0x100 Drivers/STM32G4xx_HAL_Driver/Src/stm32g4xx_hal_uart.o
                0x00000000080028c4                UART_WaitOnFlagUntilTimeout
 .text.HAL_UARTEx_DisableFifoMode
                0x00000000080029c4       0x72 Drivers/STM32G4xx_HAL_Driver/Src/stm32g4xx_hal_uart_ex.o
                0x00000000080029c4                HAL_UARTEx_DisableFifoMode
 .text.HAL_UARTEx_SetTxFifoThreshold
                0x0000000008002a36       0x7c Drivers/STM32G4xx_HAL_Driver/Src/stm32g4xx_hal_uart_ex.o
                0x0000000008002a36                HAL_UARTEx_SetTxFifoThreshold
 .text.HAL_UARTEx_SetRxFifoThreshold
                0x0000000008002ab2       0x7c Drivers/STM32G4xx_HAL_Driver/Src/stm32g4xx_hal_uart_ex.o
                0x0000000008002ab2                HAL_UARTEx_SetRxFifoThreshold
 *fill*         0x0000000008002b2e        0x2 
 .text.UARTEx_SetNbDataToProcess
                0x0000000008002b30       0xd0 Drivers/STM32G4xx_HAL_Driver/Src/stm32g4xx_hal_uart_ex.o
 .text.__libc_init_array
                0x0000000008002c00       0x48 c:/st/stm32cubeide_1.5.0/stm32cubeide/plugins/com.st.stm32cube.ide.mcu.externaltools.gnu-tools-for-stm32.7-2018-q2-update.win32_1.5.0.202011040924/tools/bin/../lib/gcc/arm-none-eabi/7.3.1/../../../../arm-none-eabi/lib/thumb/v7e-m/fpv4-sp/hard\libc_nano.a(lib_a-init.o)
                0x0000000008002c00                __libc_init_array
 .text.memset   0x0000000008002c48       0x10 c:/st/stm32cubeide_1.5.0/stm32cubeide/plugins/com.st.stm32cube.ide.mcu.externaltools.gnu-tools-for-stm32.7-2018-q2-update.win32_1.5.0.202011040924/tools/bin/../lib/gcc/arm-none-eabi/7.3.1/../../../../arm-none-eabi/lib/thumb/v7e-m/fpv4-sp/hard\libc_nano.a(lib_a-memset.o)
                0x0000000008002c48                memset
 *(.glue_7)
 .glue_7        0x0000000008002c58        0x0 linker stubs
 *(.glue_7t)
 .glue_7t       0x0000000008002c58        0x0 linker stubs
 *(.eh_frame)
 .eh_frame      0x0000000008002c58        0x0 c:/st/stm32cubeide_1.5.0/stm32cubeide/plugins/com.st.stm32cube.ide.mcu.externaltools.gnu-tools-for-stm32.7-2018-q2-update.win32_1.5.0.202011040924/tools/bin/../lib/gcc/arm-none-eabi/7.3.1/thumb/v7e-m/fpv4-sp/hard/crtbegin.o
 *(.init)
 .init          0x0000000008002c58        0x4 c:/st/stm32cubeide_1.5.0/stm32cubeide/plugins/com.st.stm32cube.ide.mcu.externaltools.gnu-tools-for-stm32.7-2018-q2-update.win32_1.5.0.202011040924/tools/bin/../lib/gcc/arm-none-eabi/7.3.1/thumb/v7e-m/fpv4-sp/hard/crti.o
                0x0000000008002c58                _init
 .init          0x0000000008002c5c        0x8 c:/st/stm32cubeide_1.5.0/stm32cubeide/plugins/com.st.stm32cube.ide.mcu.externaltools.gnu-tools-for-stm32.7-2018-q2-update.win32_1.5.0.202011040924/tools/bin/../lib/gcc/arm-none-eabi/7.3.1/thumb/v7e-m/fpv4-sp/hard/crtn.o
 *(.fini)
 .fini          0x0000000008002c64        0x4 c:/st/stm32cubeide_1.5.0/stm32cubeide/plugins/com.st.stm32cube.ide.mcu.externaltools.gnu-tools-for-stm32.7-2018-q2-update.win32_1.5.0.202011040924/tools/bin/../lib/gcc/arm-none-eabi/7.3.1/thumb/v7e-m/fpv4-sp/hard/crti.o
                0x0000000008002c64                _fini
 .fini          0x0000000008002c68        0x8 c:/st/stm32cubeide_1.5.0/stm32cubeide/plugins/com.st.stm32cube.ide.mcu.externaltools.gnu-tools-for-stm32.7-2018-q2-update.win32_1.5.0.202011040924/tools/bin/../lib/gcc/arm-none-eabi/7.3.1/thumb/v7e-m/fpv4-sp/hard/crtn.o
                0x0000000008002c70                . = ALIGN (0x4)
                0x0000000008002c70                _etext = .

.vfp11_veneer   0x0000000008002c70        0x0
 .vfp11_veneer  0x0000000008002c70        0x0 linker stubs

.v4_bx          0x0000000008002c70        0x0
 .v4_bx         0x0000000008002c70        0x0 linker stubs

.iplt           0x0000000008002c70        0x0
 .iplt          0x0000000008002c70        0x0 c:/st/stm32cubeide_1.5.0/stm32cubeide/plugins/com.st.stm32cube.ide.mcu.externaltools.gnu-tools-for-stm32.7-2018-q2-update.win32_1.5.0.202011040924/tools/bin/../lib/gcc/arm-none-eabi/7.3.1/thumb/v7e-m/fpv4-sp/hard/crtbegin.o

.rodata         0x0000000008002c70       0x40
                0x0000000008002c70                . = ALIGN (0x4)
 *(.rodata)
 .rodata        0x0000000008002c70       0x10 Drivers/STM32G4xx_HAL_Driver/Src/stm32g4xx_hal_uart_ex.o
 *(.rodata*)
 .rodata.AHBPrescTable
                0x0000000008002c80       0x10 Core/Src/system_stm32g4xx.o
                0x0000000008002c80                AHBPrescTable
 .rodata.APBPrescTable
                0x0000000008002c90        0x8 Core/Src/system_stm32g4xx.o
                0x0000000008002c90                APBPrescTable
 .rodata.UARTPrescTable
                0x0000000008002c98       0x18 Drivers/STM32G4xx_HAL_Driver/Src/stm32g4xx_hal_uart.o
                0x0000000008002c98                UARTPrescTable
                0x0000000008002cb0                . = ALIGN (0x4)

.ARM.extab      0x0000000008002cb0        0x0
                0x0000000008002cb0                . = ALIGN (0x4)
 *(.ARM.extab* .gnu.linkonce.armextab.*)
                0x0000000008002cb0                . = ALIGN (0x4)

.ARM            0x0000000008002cb0        0x8
                0x0000000008002cb0                . = ALIGN (0x4)
                0x0000000008002cb0                __exidx_start = .
 *(.ARM.exidx*)
 .ARM.exidx     0x0000000008002cb0        0x8 c:/st/stm32cubeide_1.5.0/stm32cubeide/plugins/com.st.stm32cube.ide.mcu.externaltools.gnu-tools-for-stm32.7-2018-q2-update.win32_1.5.0.202011040924/tools/bin/../lib/gcc/arm-none-eabi/7.3.1/thumb/v7e-m/fpv4-sp/hard\libgcc.a(_udivmoddi4.o)
                0x0000000008002cb8                __exidx_end = .
                0x0000000008002cb8                . = ALIGN (0x4)

.rel.dyn        0x0000000008002cb8        0x0
 .rel.iplt      0x0000000008002cb8        0x0 c:/st/stm32cubeide_1.5.0/stm32cubeide/plugins/com.st.stm32cube.ide.mcu.externaltools.gnu-tools-for-stm32.7-2018-q2-update.win32_1.5.0.202011040924/tools/bin/../lib/gcc/arm-none-eabi/7.3.1/thumb/v7e-m/fpv4-sp/hard/crtbegin.o

.preinit_array  0x0000000008002cb8        0x0
                0x0000000008002cb8                . = ALIGN (0x4)
                0x0000000008002cb8                PROVIDE (__preinit_array_start = .)
 *(.preinit_array*)
                0x0000000008002cb8                PROVIDE (__preinit_array_end = .)
                0x0000000008002cb8                . = ALIGN (0x4)

.init_array     0x0000000008002cb8        0x4
                0x0000000008002cb8                . = ALIGN (0x4)
                0x0000000008002cb8                PROVIDE (__init_array_start = .)
 *(SORT_BY_NAME(.init_array.*))
 *(.init_array*)
 .init_array    0x0000000008002cb8        0x4 c:/st/stm32cubeide_1.5.0/stm32cubeide/plugins/com.st.stm32cube.ide.mcu.externaltools.gnu-tools-for-stm32.7-2018-q2-update.win32_1.5.0.202011040924/tools/bin/../lib/gcc/arm-none-eabi/7.3.1/thumb/v7e-m/fpv4-sp/hard/crtbegin.o
                0x0000000008002cbc                PROVIDE (__init_array_end = .)
                0x0000000008002cbc                . = ALIGN (0x4)

.fini_array     0x0000000008002cbc        0x4
                0x0000000008002cbc                . = ALIGN (0x4)
                [!provide]                        PROVIDE (__fini_array_start = .)
 *(SORT_BY_NAME(.fini_array.*))
 *(.fini_array*)
 .fini_array    0x0000000008002cbc        0x4 c:/st/stm32cubeide_1.5.0/stm32cubeide/plugins/com.st.stm32cube.ide.mcu.externaltools.gnu-tools-for-stm32.7-2018-q2-update.win32_1.5.0.202011040924/tools/bin/../lib/gcc/arm-none-eabi/7.3.1/thumb/v7e-m/fpv4-sp/hard/crtbegin.o
                [!provide]                        PROVIDE (__fini_array_end = .)
                0x0000000008002cc0                . = ALIGN (0x4)
                0x0000000008002cc0                _sidata = LOADADDR (.data)

.data           0x0000000020000000        0xc load address 0x0000000008002cc0
                0x0000000020000000                . = ALIGN (0x4)
                0x0000000020000000                _sdata = .
 *(.data)
 *(.data*)
 .data.SystemCoreClock
                0x0000000020000000        0x4 Core/Src/system_stm32g4xx.o
                0x0000000020000000                SystemCoreClock
 .data.uwTickPrio
                0x0000000020000004        0x4 Drivers/STM32G4xx_HAL_Driver/Src/stm32g4xx_hal.o
                0x0000000020000004                uwTickPrio
 .data.uwTickFreq
                0x0000000020000008        0x4 Drivers/STM32G4xx_HAL_Driver/Src/stm32g4xx_hal.o
                0x0000000020000008                uwTickFreq
 *(.RamFunc)
 *(.RamFunc*)
                0x000000002000000c                . = ALIGN (0x4)
                0x000000002000000c                _edata = .

.igot.plt       0x000000002000000c        0x0 load address 0x0000000008002ccc
 .igot.plt      0x000000002000000c        0x0 c:/st/stm32cubeide_1.5.0/stm32cubeide/plugins/com.st.stm32cube.ide.mcu.externaltools.gnu-tools-for-stm32.7-2018-q2-update.win32_1.5.0.202011040924/tools/bin/../lib/gcc/arm-none-eabi/7.3.1/thumb/v7e-m/fpv4-sp/hard/crtbegin.o
                0x000000002000000c                . = ALIGN (0x4)

.bss            0x000000002000000c       0xac load address 0x0000000008002ccc
                0x000000002000000c                _sbss = .
                0x000000002000000c                __bss_start__ = _sbss
 *(.bss)
 .bss           0x000000002000000c       0x1c c:/st/stm32cubeide_1.5.0/stm32cubeide/plugins/com.st.stm32cube.ide.mcu.externaltools.gnu-tools-for-stm32.7-2018-q2-update.win32_1.5.0.202011040924/tools/bin/../lib/gcc/arm-none-eabi/7.3.1/thumb/v7e-m/fpv4-sp/hard/crtbegin.o
 *(.bss*)
 *(COMMON)
 COMMON         0x0000000020000028       0x8c Core/Src/main.o
                0x0000000020000028                hlpuart1
 COMMON         0x00000000200000b4        0x4 Drivers/STM32G4xx_HAL_Driver/Src/stm32g4xx_hal.o
                0x00000000200000b4                uwTick
                0x00000000200000b8                . = ALIGN (0x4)
                0x00000000200000b8                _ebss = .
                0x00000000200000b8                __bss_end__ = _ebss

._user_heap_stack
                0x00000000200000b8      0x600 load address 0x0000000008002ccc
                0x00000000200000b8                . = ALIGN (0x8)
                [!provide]                        PROVIDE (end = .)
                0x00000000200000b8                PROVIDE (_end = .)
                0x00000000200002b8                . = (. + _Min_Heap_Size)
 *fill*         0x00000000200000b8      0x200 
                0x00000000200006b8                . = (. + _Min_Stack_Size)
 *fill*         0x00000000200002b8      0x400 
                0x00000000200006b8                . = ALIGN (0x8)

/DISCARD/
 libc.a(*)
 libm.a(*)
 libgcc.a(*)

.ARM.attributes
                0x0000000000000000       0x30
 *(.ARM.attributes)
 .ARM.attributes
                0x0000000000000000       0x22 c:/st/stm32cubeide_1.5.0/stm32cubeide/plugins/com.st.stm32cube.ide.mcu.externaltools.gnu-tools-for-stm32.7-2018-q2-update.win32_1.5.0.202011040924/tools/bin/../lib/gcc/arm-none-eabi/7.3.1/thumb/v7e-m/fpv4-sp/hard/crti.o
 .ARM.attributes
                0x0000000000000022       0x34 c:/st/stm32cubeide_1.5.0/stm32cubeide/plugins/com.st.stm32cube.ide.mcu.externaltools.gnu-tools-for-stm32.7-2018-q2-update.win32_1.5.0.202011040924/tools/bin/../lib/gcc/arm-none-eabi/7.3.1/thumb/v7e-m/fpv4-sp/hard/crtbegin.o
 .ARM.attributes
                0x0000000000000056       0x39 Core/Src/main.o
 .ARM.attributes
                0x000000000000008f       0x39 Core/Src/stm32g4xx_hal_msp.o
 .ARM.attributes
                0x00000000000000c8       0x39 Core/Src/stm32g4xx_it.o
 .ARM.attributes
                0x0000000000000101       0x39 Core/Src/system_stm32g4xx.o
 .ARM.attributes
                0x000000000000013a       0x21 Core/Startup/startup_stm32g474retx.o
 .ARM.attributes
                0x000000000000015b       0x39 DSX_Library/Blink/Src/Blink.o
 .ARM.attributes
                0x0000000000000194       0x39 Drivers/STM32G4xx_HAL_Driver/Src/stm32g4xx_hal.o
 .ARM.attributes
                0x00000000000001cd       0x39 Drivers/STM32G4xx_HAL_Driver/Src/stm32g4xx_hal_cortex.o
 .ARM.attributes
                0x0000000000000206       0x39 Drivers/STM32G4xx_HAL_Driver/Src/stm32g4xx_hal_gpio.o
 .ARM.attributes
                0x000000000000023f       0x39 Drivers/STM32G4xx_HAL_Driver/Src/stm32g4xx_hal_pwr_ex.o
 .ARM.attributes
                0x0000000000000278       0x39 Drivers/STM32G4xx_HAL_Driver/Src/stm32g4xx_hal_rcc.o
 .ARM.attributes
                0x00000000000002b1       0x39 Drivers/STM32G4xx_HAL_Driver/Src/stm32g4xx_hal_rcc_ex.o
 .ARM.attributes
                0x00000000000002ea       0x39 Drivers/STM32G4xx_HAL_Driver/Src/stm32g4xx_hal_uart.o
 .ARM.attributes
                0x0000000000000323       0x39 Drivers/STM32G4xx_HAL_Driver/Src/stm32g4xx_hal_uart_ex.o
 .ARM.attributes
                0x000000000000035c       0x34 c:/st/stm32cubeide_1.5.0/stm32cubeide/plugins/com.st.stm32cube.ide.mcu.externaltools.gnu-tools-for-stm32.7-2018-q2-update.win32_1.5.0.202011040924/tools/bin/../lib/gcc/arm-none-eabi/7.3.1/../../../../arm-none-eabi/lib/thumb/v7e-m/fpv4-sp/hard\libc_nano.a(lib_a-init.o)
 .ARM.attributes
                0x0000000000000390       0x34 c:/st/stm32cubeide_1.5.0/stm32cubeide/plugins/com.st.stm32cube.ide.mcu.externaltools.gnu-tools-for-stm32.7-2018-q2-update.win32_1.5.0.202011040924/tools/bin/../lib/gcc/arm-none-eabi/7.3.1/../../../../arm-none-eabi/lib/thumb/v7e-m/fpv4-sp/hard\libc_nano.a(lib_a-memset.o)
 .ARM.attributes
                0x00000000000003c4       0x22 c:/st/stm32cubeide_1.5.0/stm32cubeide/plugins/com.st.stm32cube.ide.mcu.externaltools.gnu-tools-for-stm32.7-2018-q2-update.win32_1.5.0.202011040924/tools/bin/../lib/gcc/arm-none-eabi/7.3.1/thumb/v7e-m/fpv4-sp/hard\libgcc.a(_aeabi_uldivmod.o)
 .ARM.attributes
                0x00000000000003e6       0x34 c:/st/stm32cubeide_1.5.0/stm32cubeide/plugins/com.st.stm32cube.ide.mcu.externaltools.gnu-tools-for-stm32.7-2018-q2-update.win32_1.5.0.202011040924/tools/bin/../lib/gcc/arm-none-eabi/7.3.1/thumb/v7e-m/fpv4-sp/hard\libgcc.a(_udivmoddi4.o)
 .ARM.attributes
                0x000000000000041a       0x22 c:/st/stm32cubeide_1.5.0/stm32cubeide/plugins/com.st.stm32cube.ide.mcu.externaltools.gnu-tools-for-stm32.7-2018-q2-update.win32_1.5.0.202011040924/tools/bin/../lib/gcc/arm-none-eabi/7.3.1/thumb/v7e-m/fpv4-sp/hard\libgcc.a(_dvmd_tls.o)
 .ARM.attributes
                0x000000000000043c       0x22 c:/st/stm32cubeide_1.5.0/stm32cubeide/plugins/com.st.stm32cube.ide.mcu.externaltools.gnu-tools-for-stm32.7-2018-q2-update.win32_1.5.0.202011040924/tools/bin/../lib/gcc/arm-none-eabi/7.3.1/thumb/v7e-m/fpv4-sp/hard/crtn.o
OUTPUT(dsx-fw.elf elf32-littlearm)

.debug_info     0x0000000000000000     0x9f54
 .debug_info    0x0000000000000000     0x120d Core/Src/main.o
 .debug_info    0x000000000000120d      0xc8e Core/Src/stm32g4xx_hal_msp.o
 .debug_info    0x0000000000001e9b      0x340 Core/Src/stm32g4xx_it.o
 .debug_info    0x00000000000021db      0x6eb Core/Src/system_stm32g4xx.o
 .debug_info    0x00000000000028c6       0x22 Core/Startup/startup_stm32g474retx.o
 .debug_info    0x00000000000028e8      0x363 DSX_Library/Blink/Src/Blink.o
 .debug_info    0x0000000000002c4b      0xca0 Drivers/STM32G4xx_HAL_Driver/Src/stm32g4xx_hal.o
 .debug_info    0x00000000000038eb      0xfb1 Drivers/STM32G4xx_HAL_Driver/Src/stm32g4xx_hal_cortex.o
 .debug_info    0x000000000000489c      0x99e Drivers/STM32G4xx_HAL_Driver/Src/stm32g4xx_hal_gpio.o
 .debug_info    0x000000000000523a      0xad8 Drivers/STM32G4xx_HAL_Driver/Src/stm32g4xx_hal_pwr_ex.o
 .debug_info    0x0000000000005d12      0xd29 Drivers/STM32G4xx_HAL_Driver/Src/stm32g4xx_hal_rcc.o
 .debug_info    0x0000000000006a3b      0xde8 Drivers/STM32G4xx_HAL_Driver/Src/stm32g4xx_hal_rcc_ex.o
 .debug_info    0x0000000000007823     0x1a91 Drivers/STM32G4xx_HAL_Driver/Src/stm32g4xx_hal_uart.o
 .debug_info    0x00000000000092b4      0xca0 Drivers/STM32G4xx_HAL_Driver/Src/stm32g4xx_hal_uart_ex.o

.debug_abbrev   0x0000000000000000     0x17bd
 .debug_abbrev  0x0000000000000000      0x1ff Core/Src/main.o
 .debug_abbrev  0x00000000000001ff      0x18c Core/Src/stm32g4xx_hal_msp.o
 .debug_abbrev  0x000000000000038b       0xe2 Core/Src/stm32g4xx_it.o
 .debug_abbrev  0x000000000000046d      0x147 Core/Src/system_stm32g4xx.o
 .debug_abbrev  0x00000000000005b4       0x12 Core/Startup/startup_stm32g474retx.o
 .debug_abbrev  0x00000000000005c6      0x111 DSX_Library/Blink/Src/Blink.o
 .debug_abbrev  0x00000000000006d7      0x1fb Drivers/STM32G4xx_HAL_Driver/Src/stm32g4xx_hal.o
 .debug_abbrev  0x00000000000008d2      0x2f1 Drivers/STM32G4xx_HAL_Driver/Src/stm32g4xx_hal_cortex.o
 .debug_abbrev  0x0000000000000bc3      0x1c0 Drivers/STM32G4xx_HAL_Driver/Src/stm32g4xx_hal_gpio.o
 .debug_abbrev  0x0000000000000d83      0x1fd Drivers/STM32G4xx_HAL_Driver/Src/stm32g4xx_hal_pwr_ex.o
 .debug_abbrev  0x0000000000000f80      0x245 Drivers/STM32G4xx_HAL_Driver/Src/stm32g4xx_hal_rcc.o
 .debug_abbrev  0x00000000000011c5      0x204 Drivers/STM32G4xx_HAL_Driver/Src/stm32g4xx_hal_rcc_ex.o
 .debug_abbrev  0x00000000000013c9      0x212 Drivers/STM32G4xx_HAL_Driver/Src/stm32g4xx_hal_uart.o
 .debug_abbrev  0x00000000000015db      0x1e2 Drivers/STM32G4xx_HAL_Driver/Src/stm32g4xx_hal_uart_ex.o

.debug_aranges  0x0000000000000000      0x928
 .debug_aranges
                0x0000000000000000       0x40 Core/Src/main.o
 .debug_aranges
                0x0000000000000040       0x30 Core/Src/stm32g4xx_hal_msp.o
 .debug_aranges
                0x0000000000000070       0x68 Core/Src/stm32g4xx_it.o
 .debug_aranges
                0x00000000000000d8       0x28 Core/Src/system_stm32g4xx.o
 .debug_aranges
                0x0000000000000100       0x28 Core/Startup/startup_stm32g474retx.o
 .debug_aranges
                0x0000000000000128       0x20 DSX_Library/Blink/Src/Blink.o
 .debug_aranges
                0x0000000000000148      0x130 Drivers/STM32G4xx_HAL_Driver/Src/stm32g4xx_hal.o
 .debug_aranges
                0x0000000000000278      0x118 Drivers/STM32G4xx_HAL_Driver/Src/stm32g4xx_hal_cortex.o
 .debug_aranges
                0x0000000000000390       0x58 Drivers/STM32G4xx_HAL_Driver/Src/stm32g4xx_hal_gpio.o
 .debug_aranges
                0x00000000000003e8      0x140 Drivers/STM32G4xx_HAL_Driver/Src/stm32g4xx_hal_pwr_ex.o
 .debug_aranges
                0x0000000000000528       0x98 Drivers/STM32G4xx_HAL_Driver/Src/stm32g4xx_hal_rcc.o
 .debug_aranges
                0x00000000000005c0       0xb0 Drivers/STM32G4xx_HAL_Driver/Src/stm32g4xx_hal_rcc_ex.o
 .debug_aranges
                0x0000000000000670      0x230 Drivers/STM32G4xx_HAL_Driver/Src/stm32g4xx_hal_uart.o
 .debug_aranges
                0x00000000000008a0       0x88 Drivers/STM32G4xx_HAL_Driver/Src/stm32g4xx_hal_uart_ex.o

.debug_ranges   0x0000000000000000      0x850
 .debug_ranges  0x0000000000000000       0x30 Core/Src/main.o
 .debug_ranges  0x0000000000000030       0x20 Core/Src/stm32g4xx_hal_msp.o
 .debug_ranges  0x0000000000000050       0x58 Core/Src/stm32g4xx_it.o
 .debug_ranges  0x00000000000000a8       0x18 Core/Src/system_stm32g4xx.o
 .debug_ranges  0x00000000000000c0       0x20 Core/Startup/startup_stm32g474retx.o
 .debug_ranges  0x00000000000000e0       0x10 DSX_Library/Blink/Src/Blink.o
 .debug_ranges  0x00000000000000f0      0x120 Drivers/STM32G4xx_HAL_Driver/Src/stm32g4xx_hal.o
 .debug_ranges  0x0000000000000210      0x108 Drivers/STM32G4xx_HAL_Driver/Src/stm32g4xx_hal_cortex.o
 .debug_ranges  0x0000000000000318       0x48 Drivers/STM32G4xx_HAL_Driver/Src/stm32g4xx_hal_gpio.o
 .debug_ranges  0x0000000000000360      0x130 Drivers/STM32G4xx_HAL_Driver/Src/stm32g4xx_hal_pwr_ex.o
 .debug_ranges  0x0000000000000490       0x88 Drivers/STM32G4xx_HAL_Driver/Src/stm32g4xx_hal_rcc.o
 .debug_ranges  0x0000000000000518       0xa0 Drivers/STM32G4xx_HAL_Driver/Src/stm32g4xx_hal_rcc_ex.o
 .debug_ranges  0x00000000000005b8      0x220 Drivers/STM32G4xx_HAL_Driver/Src/stm32g4xx_hal_uart.o
 .debug_ranges  0x00000000000007d8       0x78 Drivers/STM32G4xx_HAL_Driver/Src/stm32g4xx_hal_uart_ex.o

.debug_macro    0x0000000000000000    0x23946
 .debug_macro   0x0000000000000000      0x1d3 Core/Src/main.o
 .debug_macro   0x00000000000001d3      0xa5a Core/Src/main.o
 .debug_macro   0x0000000000000c2d      0x155 Core/Src/main.o
 .debug_macro   0x0000000000000d82       0x2e Core/Src/main.o
 .debug_macro   0x0000000000000db0       0x28 Core/Src/main.o
 .debug_macro   0x0000000000000dd8       0x22 Core/Src/main.o
 .debug_macro   0x0000000000000dfa       0x8e Core/Src/main.o
 .debug_macro   0x0000000000000e88       0x51 Core/Src/main.o
 .debug_macro   0x0000000000000ed9       0xef Core/Src/main.o
 .debug_macro   0x0000000000000fc8       0x6a Core/Src/main.o
 .debug_macro   0x0000000000001032      0x1df Core/Src/main.o
 .debug_macro   0x0000000000001211       0x1c Core/Src/main.o
 .debug_macro   0x000000000000122d       0x22 Core/Src/main.o
 .debug_macro   0x000000000000124f      0x101 Core/Src/main.o
 .debug_macro   0x0000000000001350     0x1011 Core/Src/main.o
 .debug_macro   0x0000000000002361      0x11f Core/Src/main.o
 .debug_macro   0x0000000000002480    0x18597 Core/Src/main.o
 .debug_macro   0x000000000001aa17       0x43 Core/Src/main.o
 .debug_macro   0x000000000001aa5a     0x34ed Core/Src/main.o
 .debug_macro   0x000000000001df47      0x174 Core/Src/main.o
 .debug_macro   0x000000000001e0bb       0x5a Core/Src/main.o
 .debug_macro   0x000000000001e115     0x16e0 Core/Src/main.o
 .debug_macro   0x000000000001f7f5      0x600 Core/Src/main.o
 .debug_macro   0x000000000001fdf5      0x137 Core/Src/main.o
 .debug_macro   0x000000000001ff2c      0x34b Core/Src/main.o
 .debug_macro   0x0000000000020277      0x53c Core/Src/main.o
 .debug_macro   0x00000000000207b3      0x18b Core/Src/main.o
 .debug_macro   0x000000000002093e       0x43 Core/Src/main.o
 .debug_macro   0x0000000000020981      0x23d Core/Src/main.o
 .debug_macro   0x0000000000020bbe      0x212 Core/Src/main.o
 .debug_macro   0x0000000000020dd0      0x45c Core/Src/main.o
 .debug_macro   0x000000000002122c      0x11c Core/Src/main.o
 .debug_macro   0x0000000000021348      0x122 Core/Src/main.o
 .debug_macro   0x000000000002146a      0x3d1 Core/Src/main.o
 .debug_macro   0x000000000002183b      0x662 Core/Src/main.o
 .debug_macro   0x0000000000021e9d       0xa6 Core/Src/main.o
 .debug_macro   0x0000000000021f43      0x359 Core/Src/main.o
 .debug_macro   0x000000000002229c       0x5e Core/Src/main.o
 .debug_macro   0x00000000000222fa      0x1c9 Core/Src/stm32g4xx_hal_msp.o
 .debug_macro   0x00000000000224c3      0x1d3 Core/Src/stm32g4xx_it.o
 .debug_macro   0x0000000000022696      0x1c0 Core/Src/system_stm32g4xx.o
 .debug_macro   0x0000000000022856      0x1d3 DSX_Library/Blink/Src/Blink.o
 .debug_macro   0x0000000000022a29      0x208 Drivers/STM32G4xx_HAL_Driver/Src/stm32g4xx_hal.o
 .debug_macro   0x0000000000022c31      0x1ba Drivers/STM32G4xx_HAL_Driver/Src/stm32g4xx_hal_cortex.o
 .debug_macro   0x0000000000022deb      0x1f2 Drivers/STM32G4xx_HAL_Driver/Src/stm32g4xx_hal_gpio.o
 .debug_macro   0x0000000000022fdd      0x1e4 Drivers/STM32G4xx_HAL_Driver/Src/stm32g4xx_hal_pwr_ex.o
 .debug_macro   0x00000000000231c1      0x1f6 Drivers/STM32G4xx_HAL_Driver/Src/stm32g4xx_hal_rcc.o
 .debug_macro   0x00000000000233b7      0x1e4 Drivers/STM32G4xx_HAL_Driver/Src/stm32g4xx_hal_rcc_ex.o
 .debug_macro   0x000000000002359b      0x1e5 Drivers/STM32G4xx_HAL_Driver/Src/stm32g4xx_hal_uart.o
 .debug_macro   0x0000000000023780      0x1c6 Drivers/STM32G4xx_HAL_Driver/Src/stm32g4xx_hal_uart_ex.o

.debug_line     0x0000000000000000     0x7b85
 .debug_line    0x0000000000000000      0x789 Core/Src/main.o
 .debug_line    0x0000000000000789      0x6db Core/Src/stm32g4xx_hal_msp.o
 .debug_line    0x0000000000000e64      0x765 Core/Src/stm32g4xx_it.o
 .debug_line    0x00000000000015c9      0x6c5 Core/Src/system_stm32g4xx.o
 .debug_line    0x0000000000001c8e       0x89 Core/Startup/startup_stm32g474retx.o
 .debug_line    0x0000000000001d17      0x6fb DSX_Library/Blink/Src/Blink.o
 .debug_line    0x0000000000002412      0x94b Drivers/STM32G4xx_HAL_Driver/Src/stm32g4xx_hal.o
 .debug_line    0x0000000000002d5d      0x9d3 Drivers/STM32G4xx_HAL_Driver/Src/stm32g4xx_hal_cortex.o
 .debug_line    0x0000000000003730      0x84d Drivers/STM32G4xx_HAL_Driver/Src/stm32g4xx_hal_gpio.o
 .debug_line    0x0000000000003f7d      0xa36 Drivers/STM32G4xx_HAL_Driver/Src/stm32g4xx_hal_pwr_ex.o
 .debug_line    0x00000000000049b3      0x98a Drivers/STM32G4xx_HAL_Driver/Src/stm32g4xx_hal_rcc.o
 .debug_line    0x000000000000533d      0xbc4 Drivers/STM32G4xx_HAL_Driver/Src/stm32g4xx_hal_rcc_ex.o
 .debug_line    0x0000000000005f01     0x1368 Drivers/STM32G4xx_HAL_Driver/Src/stm32g4xx_hal_uart.o
 .debug_line    0x0000000000007269      0x91c Drivers/STM32G4xx_HAL_Driver/Src/stm32g4xx_hal_uart_ex.o

.debug_str      0x0000000000000000    0xe2736
 .debug_str     0x0000000000000000    0xe0157 Core/Src/main.o
                                      0xe0485 (size before relaxing)
 .debug_str     0x00000000000e0157       0x56 Core/Src/stm32g4xx_hal_msp.o
                                      0xdfb12 (size before relaxing)
 .debug_str     0x00000000000e01ad       0xd2 Core/Src/stm32g4xx_it.o
                                      0xdf50c (size before relaxing)
 .debug_str     0x00000000000e027f       0xc6 Core/Src/system_stm32g4xx.o
                                      0xdf4ea (size before relaxing)
 .debug_str     0x00000000000e0345       0x36 Core/Startup/startup_stm32g474retx.o
                                         0x6d (size before relaxing)
 .debug_str     0x00000000000e037b       0x32 DSX_Library/Blink/Src/Blink.o
                                      0xdf4a8 (size before relaxing)
 .debug_str     0x00000000000e03ad      0x59b Drivers/STM32G4xx_HAL_Driver/Src/stm32g4xx_hal.o
                                      0xe017b (size before relaxing)
 .debug_str     0x00000000000e0948      0x389 Drivers/STM32G4xx_HAL_Driver/Src/stm32g4xx_hal_cortex.o
                                      0xdfe83 (size before relaxing)
 .debug_str     0x00000000000e0cd1      0x21c Drivers/STM32G4xx_HAL_Driver/Src/stm32g4xx_hal_gpio.o
                                      0xdf743 (size before relaxing)
 .debug_str     0x00000000000e0eed      0x4d2 Drivers/STM32G4xx_HAL_Driver/Src/stm32g4xx_hal_pwr_ex.o
                                      0xdf9c9 (size before relaxing)
 .debug_str     0x00000000000e13bf      0x3d1 Drivers/STM32G4xx_HAL_Driver/Src/stm32g4xx_hal_rcc.o
                                      0xdfa75 (size before relaxing)
 .debug_str     0x00000000000e1790      0x3fb Drivers/STM32G4xx_HAL_Driver/Src/stm32g4xx_hal_rcc_ex.o
                                      0xdfbb7 (size before relaxing)
 .debug_str     0x00000000000e1b8b      0x91e Drivers/STM32G4xx_HAL_Driver/Src/stm32g4xx_hal_uart.o
                                      0xe02a4 (size before relaxing)
 .debug_str     0x00000000000e24a9      0x28d Drivers/STM32G4xx_HAL_Driver/Src/stm32g4xx_hal_uart_ex.o
                                      0xdfaa7 (size before relaxing)

.comment        0x0000000000000000       0x7b
 .comment       0x0000000000000000       0x7b Core/Src/main.o
                                         0x7c (size before relaxing)
 .comment       0x000000000000007b       0x7c Core/Src/stm32g4xx_hal_msp.o
 .comment       0x000000000000007b       0x7c Core/Src/stm32g4xx_it.o
 .comment       0x000000000000007b       0x7c Core/Src/system_stm32g4xx.o
 .comment       0x000000000000007b       0x7c DSX_Library/Blink/Src/Blink.o
 .comment       0x000000000000007b       0x7c Drivers/STM32G4xx_HAL_Driver/Src/stm32g4xx_hal.o
 .comment       0x000000000000007b       0x7c Drivers/STM32G4xx_HAL_Driver/Src/stm32g4xx_hal_cortex.o
 .comment       0x000000000000007b       0x7c Drivers/STM32G4xx_HAL_Driver/Src/stm32g4xx_hal_gpio.o
 .comment       0x000000000000007b       0x7c Drivers/STM32G4xx_HAL_Driver/Src/stm32g4xx_hal_pwr_ex.o
 .comment       0x000000000000007b       0x7c Drivers/STM32G4xx_HAL_Driver/Src/stm32g4xx_hal_rcc.o
 .comment       0x000000000000007b       0x7c Drivers/STM32G4xx_HAL_Driver/Src/stm32g4xx_hal_rcc_ex.o
 .comment       0x000000000000007b       0x7c Drivers/STM32G4xx_HAL_Driver/Src/stm32g4xx_hal_uart.o
 .comment       0x000000000000007b       0x7c Drivers/STM32G4xx_HAL_Driver/Src/stm32g4xx_hal_uart_ex.o

.debug_frame    0x0000000000000000     0x2420
 .debug_frame   0x0000000000000000       0xac Core/Src/main.o
 .debug_frame   0x00000000000000ac       0x7c Core/Src/stm32g4xx_hal_msp.o
 .debug_frame   0x0000000000000128      0x120 Core/Src/stm32g4xx_it.o
 .debug_frame   0x0000000000000248       0x58 Core/Src/system_stm32g4xx.o
 .debug_frame   0x00000000000002a0       0x34 DSX_Library/Blink/Src/Blink.o
 .debug_frame   0x00000000000002d4      0x4a0 Drivers/STM32G4xx_HAL_Driver/Src/stm32g4xx_hal.o
 .debug_frame   0x0000000000000774      0x498 Drivers/STM32G4xx_HAL_Driver/Src/stm32g4xx_hal_cortex.o
 .debug_frame   0x0000000000000c0c      0x14c Drivers/STM32G4xx_HAL_Driver/Src/stm32g4xx_hal_gpio.o
 .debug_frame   0x0000000000000d58      0x4fc Drivers/STM32G4xx_HAL_Driver/Src/stm32g4xx_hal_pwr_ex.o
 .debug_frame   0x0000000000001254      0x23c Drivers/STM32G4xx_HAL_Driver/Src/stm32g4xx_hal_rcc.o
 .debug_frame   0x0000000000001490      0x2ac Drivers/STM32G4xx_HAL_Driver/Src/stm32g4xx_hal_rcc_ex.o
 .debug_frame   0x000000000000173c      0xa0c Drivers/STM32G4xx_HAL_Driver/Src/stm32g4xx_hal_uart.o
 .debug_frame   0x0000000000002148      0x22c Drivers/STM32G4xx_HAL_Driver/Src/stm32g4xx_hal_uart_ex.o
 .debug_frame   0x0000000000002374       0x2c c:/st/stm32cubeide_1.5.0/stm32cubeide/plugins/com.st.stm32cube.ide.mcu.externaltools.gnu-tools-for-stm32.7-2018-q2-update.win32_1.5.0.202011040924/tools/bin/../lib/gcc/arm-none-eabi/7.3.1/../../../../arm-none-eabi/lib/thumb/v7e-m/fpv4-sp/hard\libc_nano.a(lib_a-init.o)
 .debug_frame   0x00000000000023a0       0x20 c:/st/stm32cubeide_1.5.0/stm32cubeide/plugins/com.st.stm32cube.ide.mcu.externaltools.gnu-tools-for-stm32.7-2018-q2-update.win32_1.5.0.202011040924/tools/bin/../lib/gcc/arm-none-eabi/7.3.1/../../../../arm-none-eabi/lib/thumb/v7e-m/fpv4-sp/hard\libc_nano.a(lib_a-memset.o)
 .debug_frame   0x00000000000023c0       0x2c c:/st/stm32cubeide_1.5.0/stm32cubeide/plugins/com.st.stm32cube.ide.mcu.externaltools.gnu-tools-for-stm32.7-2018-q2-update.win32_1.5.0.202011040924/tools/bin/../lib/gcc/arm-none-eabi/7.3.1/thumb/v7e-m/fpv4-sp/hard\libgcc.a(_aeabi_uldivmod.o)
 .debug_frame   0x00000000000023ec       0x34 c:/st/stm32cubeide_1.5.0/stm32cubeide/plugins/com.st.stm32cube.ide.mcu.externaltools.gnu-tools-for-stm32.7-2018-q2-update.win32_1.5.0.202011040924/tools/bin/../lib/gcc/arm-none-eabi/7.3.1/thumb/v7e-m/fpv4-sp/hard\libgcc.a(_udivmoddi4.o)
